// Jest Snapshot v1, https://goo.gl/fbAQLP

exports[`EventLoopMonitor base 1`] = `
[
  "before start",
  "beforeLock: 0",
  "beforeLock: 1",
  "beforeLock: 2",
  "beforeLock: 3",
  "beforeLock: 4",
  "beforeLock: 5",
  "beforeLock: 6",
  "beforeLock: 7",
  "beforeLock: 8",
  "beforeLock: 9",
  "afterLock: 0",
  "afterExecution: 0",
  "loop",
  "afterLock: 1",
  "afterExecution: 1",
  "loop",
  "afterLock: 2",
  "afterExecution: 2",
  "loop",
  "afterLock: 3",
  "afterExecution: 3",
  "loop",
  "afterLock: 4",
  "afterExecution: 4",
  "loop",
  "afterLock: 5",
  "afterExecution: 5",
  "loop",
  "afterLock: 6",
  "afterExecution: 6",
  "loop",
  "afterLock: 7",
  "afterExecution: 7",
  "loop",
  "afterLock: 8",
  "afterExecution: 8",
  "loop",
  "afterLock: 9",
  "afterExecution: 9",
]
`;
